// Jest Snapshot v1, https://goo.gl/fbAQLP

exports[`<Greeting/> component should match snapshot 1`] = `
<Section
  title="test-title"
>
  <p>
    test-start
     
    <span
      className="strikethroughJoke"
    >
      test-joke
    </span>
     
    test-end
  </p>
  <p
    key="test-paragraph"
  >
    test-paragraph
  </p>
  <p
    key="test-paragraph"
  >
    test-paragraph
  </p>
</Section>
`;
