// Jest Snapshot v1, https://goo.gl/fbAQLP

exports[`<Greeting/> component should match snapshot 1`] = `
<Section
  additionalStyles={
    Object {
      "container": "sectionContainer",
    }
  }
  title="test-title"
>
  <p>
    test-start
     
    <span
      className="strikethroughJoke"
    >
      test-joke
    </span>
     
    test-end
  </p>
  <div>
    <span>
      test-reason-for-creation-start
    </span>
    <ul
      className="reasonsList"
    >
      <li
        key="0"
      >
        test-first-reason
      </li>
      <li
        key="1"
      >
        test-second-reason
      </li>
    </ul>
  </div>
  <p
    key="test-paragraph"
  >
    test-paragraph
  </p>
  <p
    key="test-paragraph"
  >
    test-paragraph
  </p>
</Section>
`;
