// Jest Snapshot v1, https://goo.gl/fbAQLP

exports[`ProjectImages when there are multiple project images should render correctly 1`] = `
<div
  className="projectImages"
>
  <ProjectImage
    alt="test-alt"
    key="test-link-to-project"
    linkToProject="test-link-to-project"
    src="test-src"
  />
  <ProjectImage
    alt="test-alt"
    key="test-link-to-project"
    linkToProject="test-link-to-project"
    src="test-src"
  />
</div>
`;

exports[`ProjectImages when there is one project image should render correctly 1`] = `
<div
  className="projectImages"
>
  <ProjectImage
    alt="test-alt"
    key="test-link-to-project"
    linkToProject="test-link-to-project"
    src="test-src"
  />
</div>
`;
