// Jest Snapshot v1, https://goo.gl/fbAQLP

exports[`<LoadingSpinner /> should render correctly 1`] = `
<div
  className="wrapper"
>
  <div
    className="loadingSpinner"
    onTransitionEnd={[Function]}
  />
</div>
`;

exports[`<LoadingSpinner /> when the component is not loading should render correctly 1`] = `""`;
