// Jest Snapshot v1, https://goo.gl/fbAQLP

exports[`<Header/> component should render correctly 1`] = `
<nav
  className="header"
>
  <div
    className="wrapper"
  >
    <ThemeToggle />
    <BurgerMenu
      className="burgerMenu"
      onClick={[MockFunction]}
    />
  </div>
  <SideNav />
</nav>
`;
