// Jest Snapshot v1, https://goo.gl/fbAQLP

exports[`<DeleteButton/> should render correctly 1`] = `
<a
  className="buttonLink"
  download="Oliver Wilson Curriculum Vitae.pdf"
  href="public/documents/CV.pdf"
  rel="noopener noreferrer"
  target="_blank"
>
  <p
    className="downloadButtonTextWrapper"
  >
    <span
      className="downloadButtonText"
    >
      download
    </span>
     
    <span
      className="downloadButtonText"
    >
      my cv
    </span>
  </p>
  <DownloadButtonIcon
    className="downloadButtonIcon"
  />
</a>
`;
