// Jest Snapshot v1, https://goo.gl/fbAQLP

exports[`PlacesWorked should render correctly 1`] = `
<Section
  additionalStyles={
    Object {
      "container": "sectionContainer",
      "section": "sectionWrapper",
    }
  }
>
  <h3
    className="statement"
  >
    Proudly contributing towards projects in the fashion and television industries for over four years.
  </h3>
  <div
    className="companyLogoWrapper"
  >
    <AsosLogo
      className="companyLogo"
    />
    <ItvLogo
      className="itvLogo"
    />
  </div>
</Section>
`;
