// Jest Snapshot v1, https://goo.gl/fbAQLP

exports[`PlacesWorked should render correctly 1`] = `
<Section
  additionalStyles={
    Object {
      "container": "sectionContainer",
      "section": "sectionWrapper",
    }
  }
>
  <h3
    className="statement"
  >
    Proudly contributing to projects in the fashion, television and food industries for over six years.
  </h3>
  <div
    className="companyLogoWrapper"
  >
    <AsosLogo
      className="asosLogo"
    />
    <SainsburysLogo
      className="sainsburysLogo"
    />
    <ItvLogo
      className="itvLogo"
    />
  </div>
</Section>
`;
