// Jest Snapshot v1, https://goo.gl/fbAQLP

exports[`<Experience/> component should match snapshot 1`] = `
<Section
  additionalStyles={
    Object {
      "section": "tilesFlowOffScreen",
    }
  }
  title="test-title"
>
  <Slider>
    <SectionTile
      key="test-company-name"
    >
      <Workplace
        companyName="test-company-name"
      />
    </SectionTile>
    <SectionTile
      key="test-another-company-name"
    >
      <Workplace
        companyName="test-another-company-name"
      />
    </SectionTile>
  </Slider>
</Section>
`;
