// Jest Snapshot v1, https://goo.gl/fbAQLP

exports[`<Experience/> component should match snapshot 1`] = `
<Section
  title="test-title"
>
  <h3
    className="companyTitle"
  >
    test-company-name
  </h3>
  <h4
    className="jobRole"
  >
    test-job-title
  </h4>
  <h4>
    test-employment-period
  </h4>
  <p
    key="test-paragraph"
  >
    <span
      aria-label="laptop emoji"
      className="paragraphEmoji"
      role="img"
    >
      test-emoji
    </span>
    test-paragraph
  </p>
  <p
    key="test-paragraph"
  >
    test-paragraph
  </p>
  <div
    className="projectImages"
  >
    <div
      className="projectImage"
    >
      <a
        href="https://www.asos.com/search/?q=jeans"
      >
        <img
          alt="ASOS Product Listing Page"
          src="https://github.com/oliver-wilson-dev/oliver-wilson-dev.github.io/blob/master/public/img/plp.png?raw=true"
        />
      </a>
    </div>
    <div
      className="projectImage lastProjectImage"
    >
      <a
        href="https://www.asos.com/saved-lists/"
      >
        <img
          alt="ASOS Saved Lists Page"
          src="https://github.com/oliver-wilson-dev/oliver-wilson-dev.github.io/blob/master/public/img/saved-lists.png?raw=true"
        />
      </a>
    </div>
  </div>
</Section>
`;
