// Jest Snapshot v1, https://goo.gl/fbAQLP

exports[`<Experience/> component should match snapshot 1`] = `
<Section
  title="test-title"
>
  <Workplace
    companyName="test-company-name"
    key="test-company-name"
  />
  <Workplace
    companyName="test-another-company-name"
    key="test-another-company-name"
  />
</Section>
`;
