// Jest Snapshot v1, https://goo.gl/fbAQLP

exports[`<Sections/> should render correctly 1`] = `
<Fragment>
  <Greeting />
  <Education />
  <Experience />
  <Contact />
</Fragment>
`;

exports[`<Sections/> when the sections content is not fetched should render correctly 1`] = `<LoadingSpinner />`;
