// Jest Snapshot v1, https://goo.gl/fbAQLP

exports[`<Sections/> should render correctly 1`] = `
<Fragment>
  <LoadingSpinner
    loading={false}
  />
  <ProfilePicture />
  <PlacesWorked />
  <Greeting />
  <Education />
  <Experience />
  <Contact />
  <div
    className="downloadButtonContainer"
  >
    <DownloadButton />
  </div>
</Fragment>
`;

exports[`<Sections/> when the sections content is not fetched should render correctly 1`] = `
<Fragment>
  <LoadingSpinner
    loading={true}
  />
</Fragment>
`;
