// Jest Snapshot v1, https://goo.gl/fbAQLP

exports[`<Sections/> should render correctly 1`] = `
<Fragment>
  <LoadingSpinner
    loading={false}
  />
  <ProfilePicture />
  <Greeting />
  <Education />
  <Experience />
  <Contact />
  <DownloadButton />
  <SocialMedia />
  <Footer />
</Fragment>
`;

exports[`<Sections/> when the sections content is not fetched should render correctly 1`] = `
<Fragment>
  <LoadingSpinner
    loading={true}
  />
</Fragment>
`;
