// Jest Snapshot v1, https://goo.gl/fbAQLP

exports[`NotFoundPage should render correctly 1`] = `
<SubPage
  additionalStyles="notFound"
>
  <h1
    className="pageHeader"
  >
    Page not found
  </h1>
  <SearchIcon
    className="searchIcon"
  />
  <Link
    className="homeLink"
    to="test-home-path"
  >
    Return to Home Page
  </Link>
</SubPage>
`;
